SQL> CREATE TABLESPACE TESTSPACE
  2  ;

*
ERROR at line 2:
ORA-02199: missing DATAFILE/TEMPFILE clause 


SQL> CREATE TABLESPACE SPACE0228
  2  DATAFILE 'C:\oraclexe\app\oracle\oradata\XE\SPACE0228.DBF'
  3  SIZE 5M;

Tablespace created.

SQL> CREATE USER TESTUSER
  2  IDENTIFIED BY 1234
  3  DEFAULT TABLESPACE SPACE0228
  4  QUOTA UNLIMITED ON SPACE0228
  5  ;

User created.

SQL> -- 권한 부여(접속, 테이블, 시퀀스)
SQL> GRANT CREATE SESSION, CREATE TABLE, CREATE SEQUENCE
  2  TO TESTUSER
  3  ;

Grant succeeded.

SQL> CONN TESTUSER/1234
Connected.
SQL> CREATE TABLE MEMBER(
  2  MEMBER_IDX NUMBER PRIMARY KEY
  3  , NAME VARCHAR2(20)
  4  , PHONE VARCHAR2(13)
  5  , AGE NUMBER
  6  , REGDATE DATE DEFAULT SYSDATE
  7  );

Table created.

SQL> CREATE SEQUENCE SEQ_MEMBER
  2  START WITH 1
  3  INCREMENT BY 1
  4  ;

Sequence created.

SQL> INSET INTO MEMBER(MEMBER_IDX, NAME, PHONE, AGE)
SP2-0734: unknown command beginning "INSET INTO..." - rest of line ignored.
SQL> INSERT INTO MEMBER(MEMBER_IDX, NAME, PHONE, AGE)
  2  VALUES(SEQ_MEMBER.NEXTVAL, 'JAMES', '010' 23)
  3  ;
VALUES(SEQ_MEMBER.NEXTVAL, 'JAMES', '010' 23)
                                          *
ERROR at line 2:
ORA-00917: missing comma 


SQL> INSERT INTO MEMBER(MEMBER_IDX, NAME, PHONE, AGE)
  2  VALUES(SEQ_MEMBER.NEXTVAL, 'JAMES', '010', 23)
  3  ;

1 row created.

SQL> -- 트랜젝션이 진행 중에 DDL을 실행하면 그 즉시 현재까지의 트랜잭션은 COMMIT 되어버림
SQL> DELETE MEMBER;

1 row deleted.

SQL> ROLLBACK;

Rollback complete.

SQL> SELECT * FROM MEMBER;

no rows selected

SQL> --
SQL> INSERT INTO MEMBER(MEMBER_IDX, NAME, PHONE, AGE)
  2  VALUES(SEQ_MEMBER.NEXTVAL, 'JAMES', '010', 23)
  3  ;

1 row created.

SQL> COMMIT;

Commit complete.

SQL> DELETE MEMBER;

1 row deleted.

SQL> ROLLBACK;

Rollback complete.

SQL> SELECT * FROM MEMBER;

MEMBER_IDX NAME                                     PHONE                       
---------- ---------------------------------------- --------------------------  
       AGE REGDATE                                                              
---------- --------                                                             
         2 JAMES                                    010                         
        23 24/02/28                                                             
                                                                                

SQL> -- DDL을 실행하면 트랜젝션은 COMMIT된다. 이어서 진행
SQL> SPOOL OFF
